{
  "prompt_repeats": 29900,
  "prefill_request": {
    "status": 200,
    "error": null,
    "http_start_to_first_delta_s": 53.51736103500002,
    "wall_s": 53.521701193000126,
    "events": 1
  },
  "decode_request": {
    "status": 200,
    "error": null,
    "enqueue_to_first_delta_s": 52.543785953,
    "first_delta_to_last_delta_s": 1.439315107000084,
    "events": 44,
    "gap_median_s": 0.03412579399991955,
    "gap_p99_s": 0.035496966999971846,
    "gap_max_s": 0.035496966999971846,
    "gap_n": 43
  }
}
