=== before 2026-09-25T20:08:05Z ===
balanced
/sys/class/drm/card2/device/pp_dpm_sclk
0: 600Mhz *
1: 1100Mhz 
2: 2900Mhz 
/sys/class/drm/card2/device/pp_dpm_mclk
0: 400Mhz 
1: 800Mhz 
2: 1000Mhz *
/sys/class/drm/card2/device/pp_dpm_fclk
0: 400Mhz 
1: 1000Mhz 
2: 1200Mhz 
3: 1400Mhz 
4: 1600Mhz 
5: 1700Mhz 
6: 1850Mhz 
7: 2000Mhz 


========================= ROCm System Management Interface =========================
=================================== Temperature ====================================
GPU[0]		: Temperature (Sensor edge) (C): 31.0
GPU[0]		: Temperature (Sensor junction) (C): 31.0
GPU[0]		: Temperature (Sensor memory) (C): 28.0
GPU[1]		: Temperature (Sensor edge) (C): 38.0
WARNING: Unlocked monitor_devices lock; it should have already been unlocked.
====================================================================================
=============================== End of ROCm SMI Log ================================
GTT=18636800
=== after 2026-09-25T20:08:49Z ===
balanced
/sys/class/drm/card2/device/pp_dpm_sclk
0: 600Mhz 
1: 794Mhz *
2: 2900Mhz 
/sys/class/drm/card2/device/pp_dpm_mclk
0: 400Mhz 
1: 800Mhz 
2: 1000Mhz *
/sys/class/drm/card2/device/pp_dpm_fclk
0: 400Mhz 
1: 1000Mhz 
2: 1200Mhz 
3: 1400Mhz 
4: 1600Mhz 
5: 1700Mhz 
6: 1850Mhz 
7: 2000Mhz 


========================= ROCm System Management Interface =========================
=================================== Temperature ====================================
GPU[0]		: Temperature (Sensor edge) (C): 31.0
GPU[0]		: Temperature (Sensor junction) (C): 31.0
GPU[0]		: Temperature (Sensor memory) (C): 28.0
GPU[1]		: Temperature (Sensor edge) (C): 45.0
====================================================================================
=============================== End of ROCm SMI Log ================================
GTT=18636800
