ggml_cuda_init: found 1 ROCm devices (Total VRAM: 98304 MiB):
  Device 0: Radeon 8060S Graphics, gfx1151 (0x1151), VMM: no, Wave Size: 32, VRAM: 98304 MiB
[qwen4exp] qwen4exp trunk loaded: 48 layers (36 linear + 12 full), 1222 tensors 66.24 GiB from 3 shard(s), experts=10/512 hc=4/320 ple_layers=1 ngram=3 heads_per_ngram=8 table_rows=320001536 eos=248046
[qwen4exp] cache: integrated GPU detected, graph inputs will be ring-buffered in pinned host memory (LUCE_HIP_NO_UMA_RING=1 to disable)
[qwen4exp] cache: 12 full + 36 linear layers, kv=f16 768.00 MiB @ ctx=32768, ssm_state 108.0 MiB, conv_state 4.2 MiB
[qwen4exp] cache: integrated GPU detected, graph inputs will be ring-buffered in pinned host memory (LUCE_HIP_NO_UMA_RING=1 to disable)
[qwen4exp] cache: 12 full + 36 linear layers, kv=f16 768.00 MiB @ ctx=32768, ssm_state 108.0 MiB, conv_state 4.2 MiB
[qwen4exp] cache: integrated GPU detected, graph inputs will be ring-buffered in pinned host memory (LUCE_HIP_NO_UMA_RING=1 to disable)
[qwen4exp] cache: 12 full + 36 linear layers, kv=f16 768.00 MiB @ ctx=32768, ssm_state 108.0 MiB, conv_state 4.2 MiB
[qwen4exp] cache: integrated GPU detected, graph inputs will be ring-buffered in pinned host memory (LUCE_HIP_NO_UMA_RING=1 to disable)
[qwen4exp] cache: 12 full + 36 linear layers, kv=f16 768.00 MiB @ ctx=32768, ssm_state 108.0 MiB, conv_state 4.2 MiB
[qwen4exp] cache: integrated GPU detected, graph inputs will be ring-buffered in pinned host memory (LUCE_HIP_NO_UMA_RING=1 to disable)
[qwen4exp] cache: 12 full + 36 linear layers, kv=f16 768.00 MiB @ ctx=32768, ssm_state 108.0 MiB, conv_state 4.2 MiB
[qwen4exp] cache: integrated GPU detected, graph inputs will be ring-buffered in pinned host memory (LUCE_HIP_NO_UMA_RING=1 to disable)
[qwen4exp] cache: 12 full + 36 linear layers, kv=f16 768.00 MiB @ ctx=32768, ssm_state 108.0 MiB, conv_state 4.2 MiB
[batch-probe] phase=identical N=4 ctx=32768 prefill=16
[batch-probe] phase=identical step=0 slot=0 max_abs_delta=2.48869896 solo=13868 batch=13868 top2_margin=0.785589218 gate=pass
[batch-probe] phase=identical step=0 slot=1 max_abs_delta=2.48869896 solo=13868 batch=13868 top2_margin=0.785589218 gate=pass
[batch-probe] phase=identical step=0 slot=2 max_abs_delta=2.48869896 solo=13868 batch=13868 top2_margin=0.785589218 gate=pass
[batch-probe] phase=identical step=0 slot=3 max_abs_delta=2.48869896 solo=13868 batch=13868 top2_margin=0.785589218 gate=pass
[batch-probe] phase=identical step=0 epsilon_max=2.48869896
[batch-probe] phase=identical step=1 slot=0 max_abs_delta=2.81997299 solo=271 batch=271 top2_margin=0.335904121 gate=pass
[batch-probe] phase=identical step=1 slot=1 max_abs_delta=2.81997299 solo=271 batch=271 top2_margin=0.335904121 gate=pass
[batch-probe] phase=identical step=1 slot=2 max_abs_delta=2.81997299 solo=271 batch=271 top2_margin=0.335904121 gate=pass
[batch-probe] phase=identical step=1 slot=3 max_abs_delta=2.81997299 solo=271 batch=271 top2_margin=0.335904121 gate=pass
[batch-probe] phase=identical step=1 epsilon_max=2.81997299
[batch-probe] phase=identical step=2 slot=0 max_abs_delta=6.48224258 solo=248045 batch=248044 top2_margin=0.790477753 gate=pass
[batch-probe] phase=identical step=2 slot=1 max_abs_delta=6.48224258 solo=248045 batch=248044 top2_margin=0.790477753 gate=pass
[batch-probe] phase=identical step=2 slot=2 max_abs_delta=6.48224258 solo=248045 batch=248044 top2_margin=0.790477753 gate=pass
[batch-probe] phase=identical step=2 slot=3 max_abs_delta=6.48224258 solo=248045 batch=248044 top2_margin=0.790477753 gate=pass
[batch-probe] phase=identical step=2 epsilon_max=6.48224258
[batch-probe] untouched-slot-isolation=PASS
[batch-probe] row-permutation=PASS
[batch-probe] cancel-reset-reuse=PASS reused_hash=25f8876a91fa045c fresh_cache_hash=25f8876a91fa045c
[batch-probe] phase=distinct N=4 ctx=32768 prefill=16
[batch-probe] phase=distinct step=0 slot=0 max_abs_delta=2.48869896 solo=13868 batch=13868 top2_margin=0.785589218 gate=pass
[batch-probe] phase=distinct step=0 slot=1 max_abs_delta=1.62682509 solo=271 batch=271 top2_margin=0.230045319 gate=pass
[batch-probe] phase=distinct step=0 slot=2 max_abs_delta=8.323452 solo=279 batch=13 top2_margin=0.299193382 gate=pass
[batch-probe] phase=distinct step=0 slot=3 max_abs_delta=6.62146282 solo=1249 batch=837 top2_margin=0.295493126 gate=pass
[batch-probe] phase=distinct step=0 epsilon_max=8.323452
[batch-probe] untouched-slot-isolation=PASS
[batch-probe] row-permutation=PASS
[batch-probe] cancel-reset-reuse=PASS reused_hash=25f8876a91fa045c fresh_cache_hash=25f8876a91fa045c
[batch-probe] PASS failures=0
